// Jest Snapshot v1, https://goo.gl/fbAQLP

exports[`Page renders a heading 1`] = `
<DocumentFragment>
  <main
    class="main"
  >
    <div
      class="description"
    >
      <p>
        Get started by editing 
        <code
          class="code"
        >
          src/app/page.tsx
        </code>
      </p>
      <div>
        <a
          href="https://vercel.com?utm_source=create-next-app&utm_medium=appdir-template&utm_campaign=create-next-app"
          rel="noopener noreferrer"
          target="_blank"
        >
          By 
          <img
            alt="Vercel Logo"
            class="vercelLogo"
            data-nimg="1"
            decoding="async"
            fetchpriority="high"
            height="24"
            src="/vercel.svg"
            style="color: transparent;"
            width="100"
          />
        </a>
      </div>
    </div>
    <div
      class="center"
    >
      <img
        alt="Next.js Logo"
        class="logo"
        data-nimg="1"
        decoding="async"
        fetchpriority="high"
        height="37"
        src="/next.svg"
        style="color: transparent;"
        width="180"
      />
    </div>
    <div
      class="grid"
    >
      <a
        class="card"
        href="https://nextjs.org/docs?utm_source=create-next-app&utm_medium=appdir-template&utm_campaign=create-next-app"
        rel="noopener noreferrer"
        target="_blank"
      >
        <h1>
          Docs 
          <span>
            -&gt;
          </span>
        </h1>
        <p>
          Find in-depth information about Next.js features and API.
        </p>
      </a>
      <a
        class="card"
        href="https://nextjs.org/learn?utm_source=create-next-app&utm_medium=appdir-template&utm_campaign=create-next-app"
        rel="noopener noreferrer"
        target="_blank"
      >
        <h2>
          Learn
        </h2>
        <p>
          Learn about Next.js in an interactive course with quizzes!
        </p>
      </a>
      <a
        class="card"
        href="https://vercel.com/templates?framework=next.js&utm_source=create-next-app&utm_medium=appdir-template&utm_campaign=create-next-app"
        rel="noopener noreferrer"
        target="_blank"
      >
        <h2>
          Templates 
          <span>
            -&gt;
          </span>
        </h2>
        <p>
          Explore the Next.js 13 playground.
        </p>
      </a>
      <a
        class="card"
        href="https://vercel.com/new?utm_source=create-next-app&utm_medium=appdir-template&utm_campaign=create-next-app"
        rel="noopener noreferrer"
        target="_blank"
      >
        <h2>
          Deploy 
          <span>
            -&gt;
          </span>
        </h2>
        <p>
          Instantly deploy your Next.js site to a shareable URL with Vercel.
        </p>
      </a>
    </div>
    <ul>
      <li>
        test 1
      </li>
      <li>
        test 2
      </li>
      <li>
        test 3
      </li>
    </ul>
  </main>
</DocumentFragment>
`;
